IR UW24 58882608,92943532,26012164,64925892, 94267908
<class 'bytes'>
b'<!DOCTYPE html>\n<html lang="en-US">\n<head itemscope itemtype="http://schema.org/WebSite">\n<meta charset="UTF-8" />\n<title>Department of Statistics - Donald Bren School of Information &amp; Computer Sciences \xe2\x80\x93 Department of Statistics - Donald Bren School of Information &amp; Computer Sciences</title><meta name="description" content="Department of Statistics - Donald Bren School of Information &amp; Computer Sciences" />\n\t\t<meta name="robots" content="noodp,noydir" />\n\t\t<meta name="viewport" content="width=device-width, initial-scale=1" />\n<meta name=\'robots\' content=\'max-image-preview:large\' />\n\n\t\t\t<style type="text/css">\n\t\t\t\t.slide-excerpt { width: 50%; }\n\t\t\t\t.slide-excerpt { bottom: 0; }\n\t\t\t\t.slide-excerpt { left: 0; }\n\t\t\t\t.flexslider { max-width: 1180px; max-height: 340px; }\n\t\t\t\t.slide-image { max-height: 340px; }\n\t\t\t</style><link rel=\'dns-prefetch\' href=\'//fonts.googleapis.com\' />\n<link rel=\'dns-prefetch\' href=\'//s.w.org\' />\n<link rel="alternate" type="application/rss+xml" title="Department of Statistics - Donald Bren School of Information &amp; Computer Sciences &raquo; Feed" href="https://www.stat.uci.edu/feed/" />\n<link rel="alternate" type="application/rss+xml" title="Department of Statistics - Donald Bren School of Information &amp; Computer Sciences &raquo; Comments Feed" href="https://www.stat.uci.edu/comments/feed/" />\n<link rel="canonical" href="https://www.stat.uci.edu/" />\n<script type="text/javascript">\nwindow._wpemojiSettings = {"baseUrl":"https:\\/\\/s.w.org\\/images\\/core\\/emoji\\/14.0.0\\/72x72\\/","ext":".png","svgUrl":"https:\\/\\/s.w.org\\/images\\/core\\/emoji\\/14.0.0\\/svg\\/","svgExt":".svg","source":{"concatemoji":"https:\\/\\/www.stat.uci.edu\\/wp-includes\\/js\\/wp-emoji-release.min.js?ver=6.0.2"}};\n/*! This file is auto-generated */\n!function(e,a,t){var n,r,o,i=a.createElement("canvas"),p=i.getContext&&i.getContext("2d");function s(e,t){var a=String.fromCharCode,e=(p.clearRect(0,0,i.width,i.height),p.fillText(a.apply(this,e),0,0),i.toDataURL());return p.clearRect(0,0,i.width,i.height),p.fillText(a.apply(this,t),0,0),e===i.toDataURL()}function c(e){var t=a.createElement("script");t.src=e,t.defer=t.type="text/javascript",a.getElementsByTagName("head")[0].appendChild(t)}for(o=Array("flag","emoji"),t.supports={everything:!0,everythingExceptFlag:!0},r=0;r<o.length;r++)t.supports[o[r]]=function(e){if(!p||!p.fillText)return!1;switch(p.textBaseline="top",p.font="600 32px Arial",e){case"flag":return s([127987,65039,8205,9895,65039],[127987,65039,8203,9895,65039])?!1:!s([55356,56826,55356,56819],[55356,56826,8203,55356,56819])&&!s([55356,57332,56128,56423,56128,56418,56128,56421,56128,56430,56128,56423,56128,56447],[55356,57332,8203,56128,56423,8203,56128,56418,8203,56128,56421,8203,56128,56430,8203,56128,56423,8203,56128,56447]);case"emoji":return!s([129777,127995,8205,129778,127999],[129777,127995,8203,129778,127999])}return!1}(o[r]),t.supports.everything=t.supports.everything&&t.supports[o[r]],"flag"!==o[r]&&(t.supports.everythingExceptFlag=t.supports.everythingExceptFlag&&t.supports[o[r]]);t.supports.everythingExceptFlag=t.supports.everythingExceptFlag&&!t.supports.flag,t.DOMReady=!1,t.readyCallback=function(){t.DOMReady=!0},t.supports.everything||(n=function(){t.readyCallback()},a.addEventListener?(a.addEventListener("DOMContentLoaded",n,!1),e.addEventListener("load",n,!1)):(e.attachEvent("onload",n),a.attachEvent("onreadystatechange",function(){"complete"===a.readyState&&t.readyCallback()})),(e=t.source||{}).concatemoji?c(e.concatemoji):e.wpemoji&&e.twemoji&&(c(e.twemoji),c(e.wpemoji)))}(window,document,window._wpemojiSettings);\n</script>\n<style type="text/css">\nimg.wp-smiley,\nimg.emoji {\n\tdisplay: inline !important;\n\tborder: none !important;\n\tbox-shadow: none !important;\n\theight: 1em !important;\n\twidth: 1em !important;\n\tmargin: 0 0.07em !important;\n\tvertical-align: -0.1em !important;\n\tbackground: none !important;\n\tpadding: 0 !important;\n}\n</style>\n\t<link rel=\'stylesheet\' id=\'genesis-sample-theme-css\'  href=\'https://www.stat.uci.edu/wp-content/themes/genesis-stats-retry/style.css?ver=2.1.2\' type=\'text/css\' media=\'all\' />\n<link rel=\'stylesheet\' id=\'wp-block-library-css\'  href=\'https://www.stat.uci.edu/wp-includes/css/dist/block-library/style.min.css?ver=6.0.2\' type=\'text/css\' media=\'all\' />\n<style id=\'global-styles-inline-css\' type=\'text/css\'>\nbody{--wp--preset--color--black: #000000;--wp--preset--color--cyan-bluish-gray: #abb8c3;--wp--preset--color--white: #ffffff;--wp--preset--color--pale-pink: #f78da7;--wp--preset--color--vivid-red: #cf2e2e;--wp--preset--color--luminous-vivid-orange: #ff6900;--wp--preset--color--luminous-vivid-amber: #fcb900;--wp--preset--color--light-green-cyan: #7bdcb5;--wp--preset--color--vivid-green-cyan: #00d084;--wp--preset--color--pale-cyan-blue: #8ed1fc;--wp--preset--color--vivid-cyan-blue: #0693e3;--wp--preset--color--vivid-purple: #9b51e0;--wp--preset--gradient--vivid-cyan-blue-to-vivid-purple: linear-gradient(135deg,rgba(6,147,227,1) 0%,rgb(155,81,224) 100%);--wp--preset--gradient--light-green-cyan-to-vivid-green-cyan: linear-gradient(135deg,rgb(122,220,180) 0%,rgb(0,208,130) 100%);--wp--preset--gradient--luminous-vivid-amber-to-luminous-vivid-orange: linear-gradient(135deg,rgba(252,185,0,1) 0%,rgba(255,105,0,1) 100%);--wp--preset--gradient--luminous-vivid-orange-to-vivid-red: linear-gradient(135deg,rgba(255,105,0,1) 0%,rgb(207,46,46) 100%);--wp--preset--gradient--very-light-gray-to-cyan-bluish-gray: linear-gradient(135deg,rgb(238,238,238) 0%,rgb(169,184,195) 100%);--wp--preset--gradient--cool-to-warm-spectrum: linear-gradient(135deg,rgb(74,234,220) 0%,rgb(151,120,209) 20%,rgb(207,42,186) 40%,rgb(238,44,130) 60%,rgb(251,105,98) 80%,rgb(254,248,76) 100%);--wp--preset--gradient--blush-light-purple: linear-gradient(135deg,rgb(255,206,236) 0%,rgb(152,150,240) 100%);--wp--preset--gradient--blush-bordeaux: linear-gradient(135deg,rgb(254,205,165) 0%,rgb(254,45,45) 50%,rgb(107,0,62) 100%);--wp--preset--gradient--luminous-dusk: linear-gradient(135deg,rgb(255,203,112) 0%,rgb(199,81,192) 50%,rgb(65,88,208) 100%);--wp--preset--gradient--pale-ocean: linear-gradient(135deg,rgb(255,245,203) 0%,rgb(182,227,212) 50%,rgb(51,167,181) 100%);--wp--preset--gradient--electric-grass: linear-gradient(135deg,rgb(202,248,128) 0%,rgb(113,206,126) 100%);--wp--preset--gradient--midnight: linear-gradient(135deg,rgb(2,3,129) 0%,rgb(40,116,252) 100%);--wp--preset--duotone--dark-grayscale: url(\'#wp-duotone-dark-grayscale\');--wp--preset--duotone--grayscale: url(\'#wp-duotone-grayscale\');--wp--preset--duotone--purple-yellow: url(\'#wp-duotone-purple-yellow\');--wp--preset--duotone--blue-red: url(\'#wp-duotone-blue-red\');--wp--preset--duotone--midnight: url(\'#wp-duotone-midnight\');--wp--preset--duotone--magenta-yellow: url(\'#wp-duotone-magenta-yellow\');--wp--preset--duotone--purple-green: url(\'#wp-duotone-purple-green\');--wp--preset--duotone--blue-orange: url(\'#wp-duotone-blue-orange\');--wp--preset--font-size--small: 13px;--wp--preset--font-size--medium: 20px;--wp--preset--font-size--large: 36px;--wp--preset--font-size--x-large: 42px;}.has-black-color{color: var(--wp--preset--color--black) !important;}.has-cyan-bluish-gray-color{color: var(--wp--preset--color--cyan-bluish-gray) !important;}.has-white-color{color: var(--wp--preset--color--white) !important;}.has-pale-pink-color{color: var(--wp--preset--color--pale-pink) !important;}.has-vivid-red-color{color: var(--wp--preset--color--vivid-red) !important;}.has-luminous-vivid-orange-color{color: var(--wp--preset--color--luminous-vivid-orange) !important;}.has-luminous-vivid-amber-color{color: var(--wp--preset--color--luminous-vivid-amber) !important;}.has-light-green-cyan-color{color: var(--wp--preset--color--light-green-cyan) !important;}.has-vivid-green-cyan-color{color: var(--wp--preset--color--vivid-green-cyan) !important;}.has-pale-cyan-blue-color{color: var(--wp--preset--color--pale-cyan-blue) !important;}.has-vivid-cyan-blue-color{color: var(--wp--preset--color--vivid-cyan-blue) !important;}.has-vivid-purple-color{color: var(--wp--preset--color--vivid-purple) !important;}.has-black-background-color{background-color: var(--wp--preset--color--black) !important;}.has-cyan-bluish-gray-background-color{background-color: var(--wp--preset--color--cyan-bluish-gray) !important;}.has-white-background-color{background-color: var(--wp--preset--color--white) !important;}.has-pale-pink-background-color{background-color: var(--wp--preset--color--pale-pink) !important;}.has-vivid-red-background-color{background-color: var(--wp--preset--color--vivid-red) !important;}.has-luminous-vivid-orange-background-color{background-color: var(--wp--preset--color--luminous-vivid-orange) !important;}.has-luminous-vivid-amber-background-color{background-color: var(--wp--preset--color--luminous-vivid-amber) !important;}.has-light-green-cyan-background-color{background-color: var(--wp--preset--color--light-green-cyan) !important;}.has-vivid-green-cyan-background-color{background-color: var(--wp--preset--color--vivid-green-cyan) !important;}.has-pale-cyan-blue-background-color{background-color: var(--wp--preset--color--pale-cyan-blue) !important;}.has-vivid-cyan-blue-background-color{background-color: var(--wp--preset--color--vivid-cyan-blue) !important;}.has-vivid-purple-background-color{background-color: var(--wp--preset--color--vivid-purple) !important;}.has-black-border-color{border-color: var(--wp--preset--color--black) !important;}.has-cyan-bluish-gray-border-color{border-color: var(--wp--preset--color--cyan-bluish-gray) !important;}.has-white-border-color{border-color: var(--wp--preset--color--white) !important;}.has-pale-pink-border-color{border-color: var(--wp--preset--color--pale-pink) !important;}.has-vivid-red-border-color{border-color: var(--wp--preset--color--vivid-red) !important;}.has-luminous-vivid-orange-border-color{border-color: var(--wp--preset--color--luminous-vivid-orange) !important;}.has-luminous-vivid-amber-border-color{border-color: var(--wp--preset--color--luminous-vivid-amber) !important;}.has-light-green-cyan-border-color{border-color: var(--wp--preset--color--light-green-cyan) !important;}.has-vivid-green-cyan-border-color{border-color: var(--wp--preset--color--vivid-green-cyan) !important;}.has-pale-cyan-blue-border-color{border-color: var(--wp--preset--color--pale-cyan-blue) !important;}.has-vivid-cyan-blue-border-color{border-color: var(--wp--preset--color--vivid-cyan-blue) !important;}.has-vivid-purple-border-color{border-color: var(--wp--preset--color--vivid-purple) !important;}.has-vivid-cyan-blue-to-vivid-purple-gradient-background{background: var(--wp--preset--gradient--vivid-cyan-blue-to-vivid-purple) !important;}.has-light-green-cyan-to-vivid-green-cyan-gradient-background{background: var(--wp--preset--gradient--light-green-cyan-to-vivid-green-cyan) !important;}.has-luminous-vivid-amber-to-luminous-vivid-orange-gradient-background{background: var(--wp--preset--gradient--luminous-vivid-amber-to-luminous-vivid-orange) !important;}.has-luminous-vivid-orange-to-vivid-red-gradient-background{background: var(--wp--preset--gradient--luminous-vivid-orange-to-vivid-red) !important;}.has-very-light-gray-to-cyan-bluish-gray-gradient-background{background: var(--wp--preset--gradient--very-light-gray-to-cyan-bluish-gray) !important;}.has-cool-to-warm-spectrum-gradient-background{background: var(--wp--preset--gradient--cool-to-warm-spectrum) !important;}.has-blush-light-purple-gradient-background{background: var(--wp--preset--gradient--blush-light-purple) !important;}.has-blush-bordeaux-gradient-background{background: var(--wp--preset--gradient--blush-bordeaux) !important;}.has-luminous-dusk-gradient-background{background: var(--wp--preset--gradient--luminous-dusk) !important;}.has-pale-ocean-gradient-background{background: var(--wp--preset--gradient--pale-ocean) !important;}.has-electric-grass-gradient-background{background: var(--wp--preset--gradient--electric-grass) !important;}.has-midnight-gradient-background{background: var(--wp--preset--gradient--midnight) !important;}.has-small-font-size{font-size: var(--wp--preset--font-size--small) !important;}.has-medium-font-size{font-size: var(--wp--preset--font-size--medium) !important;}.has-large-font-size{font-size: var(--wp--preset--font-size--large) !important;}.has-x-large-font-size{font-size: var(--wp--preset--font-size--x-large) !important;}\n</style>\n<link rel=\'stylesheet\' id=\'feedzy-rss-feeds-css\'  href=\'https://www.stat.uci.edu/wp-content/plugins/feedzy-rss-feeds/css/feedzy-rss-feeds.css?ver=3.3.2\' type=\'text/css\' media=\'all\' />\n<link rel=\'stylesheet\' id=\'collapseomatic-css-css\'  href=\'https://www.stat.uci.edu/wp-content/plugins/jquery-collapse-o-matic/light_style.css?ver=1.6\' type=\'text/css\' media=\'all\' />\n<link rel=\'stylesheet\' id=\'google-fonts-css\'  href=\'//fonts.googleapis.com/css?family=Lato%3A300%2C400%2C700&#038;ver=2.1.2\' type=\'text/css\' media=\'all\' />\n<link rel=\'stylesheet\' id=\'elementor-icons-css\'  href=\'https://www.stat.uci.edu/wp-content/plugins/elementor/assets/lib/eicons/css/elementor-icons.min.css?ver=5.9.1\' type=\'text/css\' media=\'all\' />\n<link rel=\'stylesheet\' id=\'elementor-animations-css\'  href=\'https://www.stat.uci.edu/wp-content/plugins/elementor/assets/lib/animations/animations.min.css?ver=3.0.16\' type=\'text/css\' media=\'all\' />\n<link rel=\'stylesheet\' id=\'elementor-frontend-legacy-css\'  href=\'https://www.stat.uci.edu/wp-content/plugins/elementor/assets/css/frontend-legacy.min.css?ver=3.0.16\' type=\'text/css\' media=\'all\' />\n<link rel=\'stylesheet\' id=\'elementor-frontend-css\'  href=\'https://www.stat.uci.edu/wp-content/plugins/elementor/assets/css/frontend.min.css?ver=3.0.16\' type=\'text/css\' media=\'all\' />\n<link rel=\'stylesheet\' id=\'elementor-post-1805-css\'  href=\'https://www.stat.uci.edu/wp-content/uploads/elementor/css/post-1805.css?ver=1611357836\' type=\'text/css\' media=\'all\' />\n<link rel=\'stylesheet\' id=\'elementor-pro-css\'  href=\'https://www.stat.uci.edu/wp-content/plugins/elementor-pro/assets/css/frontend.min.css?ver=3.0.10\' type=\'text/css\' media=\'all\' />\n<link rel=\'stylesheet\' id=\'elementor-global-css\'  href=\'https://www.stat.uci.edu/wp-content/uploads/elementor/css/global.css?ver=1611357838\' type=\'text/css\' media=\'all\' />\n<link rel=\'stylesheet\' id=\'google-fonts-1-css\'  href=\'https://fonts.googleapis.com/css?family=Roboto%3A100%2C100italic%2C200%2C200italic%2C300%2C300italic%2C400%2C400italic%2C500%2C500italic%2C600%2C600italic%2C700%2C700italic%2C800%2C800italic%2C900%2C900italic%7CRoboto+Slab%3A100%2C100italic%2C200%2C200italic%2C300%2C300italic%2C400%2C400italic%2C500%2C500italic%2C600%2C600italic%2C700%2C700italic%2C800%2C800italic%2C900%2C900italic&#038;ver=6.0.2\' type=\'text/css\' media=\'all\' />\n<link rel=\'stylesheet\' id=\'slider_styles-css\'  href=\'https://www.stat.uci.edu/wp-content/plugins/genesis-responsive-slider/assets/style.css?ver=1.0.1\' type=\'text/css\' media=\'all\' />\n<script type=\'text/javascript\' src=\'https://www.stat.uci.edu/wp-includes/js/jquery/jquery.min.js?ver=3.6.0\' id=\'jquery-core-js\'></script>\n<script type=\'text/javascript\' src=\'https://www.stat.uci.edu/wp-includes/js/jquery/jquery-migrate.min.js?ver=3.3.2\' id=\'jquery-migrate-js\'></script>\n<!--[if lt IE 9]>\n<script type=\'text/javascript\' src=\'https://www.stat.uci.edu/wp-content/themes/genesis/lib/js/html5shiv.min.js?ver=3.7.3\' id=\'html5shiv-js\'></script>\n<![endif]-->\n<script type=\'text/javascript\' src=\'https://www.stat.uci.edu/wp-content/themes/genesis-stats-retry/js/jquery.collapse.js?ver=6.0.2\' id=\'custom-collpase-js\'></script>\n<link rel="https://api.w.org/" href="https://www.stat.uci.edu/wp-json/" /><link rel="alternate" type="application/json" href="https://www.stat.uci.edu/wp-json/wp/v2/pages/18" /><link rel="EditURI" type="application/rsd+xml" title="RSD" href="https://www.stat.uci.edu/xmlrpc.php?rsd" />\n<link rel="alternate" type="application/json+oembed" href="https://www.stat.uci.edu/wp-json/oembed/1.0/embed?url=https%3A%2F%2Fwww.stat.uci.edu%2F" />\n<link rel="alternate" type="text/xml+oembed" href="https://www.stat.uci.edu/wp-json/oembed/1.0/embed?url=https%3A%2F%2Fwww.stat.uci.edu%2F&#038;format=xml" />\n<link rel="pingback" href="https://www.stat.uci.edu/xmlrpc.php" />\n<meta itemprop="name" content="Department of Statistics - Donald Bren School of Information &amp; Computer Sciences" />\n<meta itemprop="url" content="https://www.stat.uci.edu/" />\n<link rel="icon" href="https://www.stat.uci.edu/wp-content/uploads/cropped-UCIlogo-32x32.jpg" sizes="32x32" />\n<link rel="icon" href="https://www.stat.uci.edu/wp-content/uploads/cropped-UCIlogo-192x192.jpg" sizes="192x192" />\n<link rel="apple-touch-icon" href="https://www.stat.uci.edu/wp-content/uploads/cropped-UCIlogo-180x180.jpg" />\n<meta name="msapplication-TileImage" content="https://www.stat.uci.edu/wp-content/uploads/cropped-UCIlogo-270x270.jpg" />\n\t\t<style type="text/css" id="wp-custom-css">\n\t\t\t.rss_header { display: none;}\n\n/*faculty images*/\n.people_table img{\n\twidth:150px;\n}\n\n.home_boxes_wrap {\n    width: 100%;\n}\n.home_boxes_wrap, .project-boxes_wrap {\n    width: 100%;\n    height: auto;\n    margin: 0px 0px 24px;\n}\n.profile_boxes_single, .project-box_single {\n    float: left;\n    width: 100%;\n    height: auto;\n    overflow: hidden;\n    position: relative;\n    margin-right: 12px;\n    margin-bottom: 12px;\n}\n.District-Book {\n    font-family: District-Book;\n    font-weight: normal;\n    font-style: normal;\n}\n.profile_boxes_blurb {\n    position: absolute;\n    bottom: 0;\n    left: 0;\n    color: #fff;\n    background: url(/wp-content/themes/informatics/i/black70.png);\n    width: 100%;\n    overflow: hidden;\n}\t\t</style>\n\t\t</head>\n<body class="home page-template-default page page-id-18 header-image content-sidebar elementor-default elementor-kit-1805 elementor-page elementor-page-18" itemscope itemtype="http://schema.org/WebPage"><div class="site-container"><header class="site-header" itemscope itemtype="http://schema.org/WPHeader"><div class="wrap"><div class="title-area"><h1 class="site-title" itemprop="headline"><a href="https://www.stat.uci.edu/">Department of Statistics - Donald Bren School of Information &amp; Computer Sciences</a></h1><h2 class="site-description" itemprop="description">Department of Statistics - Donald Bren School of Information &amp; Computer Sciences</h2></div><div class="widget-area header-widget-area"><section id="search-3" class="widget widget_search"><div class="widget-wrap"><form class="search-form" itemprop="potentialAction" itemscope itemtype="http://schema.org/SearchAction" method="get" action="https://www.stat.uci.edu/" role="search"><meta itemprop="target" content="https://www.stat.uci.edu/?s={s}"/><input itemprop="query-input" type="search" name="s" placeholder="Search this site..." /><input type="submit" value="Search"  /></form></div></section>\n</div></div></header><nav class="nav-primary" itemscope itemtype="http://schema.org/SiteNavigationElement"><div class="wrap"><ul id="menu-header-menu" class="menu genesis-nav-menu menu-primary"><li id="menu-item-84" class="menu-item menu-item-type-custom menu-item-object-custom menu-item-has-children menu-item-84"><a href="#" itemprop="url"><span itemprop="name">Explore</span></a>\n<ul class="sub-menu">\n\t<li id="menu-item-34" class="menu-item menu-item-type-post_type menu-item-object-page menu-item-34"><a href="https://www.stat.uci.edu/chairs-message/" itemprop="url"><span itemprop="name">Chair&#8217;s Welcome</span></a></li>\n\t<li id="menu-item-154" class="menu-item menu-item-type-post_type menu-item-object-page menu-item-154"><a href="https://www.stat.uci.edu/what-is-statistics/" itemprop="url"><span itemprop="name">What is Statistics?</span></a></li>\n\t<li id="menu-item-33" class="menu-item menu-item-type-post_type menu-item-object-page menu-item-33"><a href="https://www.stat.uci.edu/contact-the-department/" itemprop="url"><span itemprop="name">Contact the Department</span></a></li>\n\t<li id="menu-item-555" class="menu-item menu-item-type-post_type menu-item-object-page menu-item-555"><a href="https://www.stat.uci.edu/tutoring-resources/" itemprop="url"><span itemprop="name">Tutoring Resources</span></a></li>\n</ul>\n</li>\n<li id="menu-item-86" class="menu-item menu-item-type-custom menu-item-object-custom menu-item-has-children menu-item-86"><a href="#" itemprop="url"><span itemprop="name">Faculty</span></a>\n<ul class="sub-menu">\n\t<li id="menu-item-2306" class="menu-item menu-item-type-post_type menu-item-object-page menu-item-2306"><a href="https://www.stat.uci.edu/faculty/" itemprop="url"><span itemprop="name">Faculty Directory</span></a></li>\n\t<li id="menu-item-87" class="menu-item menu-item-type-custom menu-item-object-custom menu-item-87"><a href="https://recruit.ap.uci.edu/apply#donald-bren-school-of-information-and-computer-sciences" itemprop="url"><span itemprop="name">Job Opportunities</span></a></li>\n</ul>\n</li>\n<li id="menu-item-36" class="menu-item menu-item-type-post_type menu-item-object-page menu-item-36"><a href="https://www.stat.uci.edu/research/" itemprop="url"><span itemprop="name">Research</span></a></li>\n<li id="menu-item-38" class="menu-item menu-item-type-custom menu-item-object-custom menu-item-has-children menu-item-38"><a href="#" itemprop="url"><span itemprop="name">Graduate Degrees</span></a>\n<ul class="sub-menu">\n\t<li id="menu-item-190" class="menu-item menu-item-type-post_type menu-item-object-page menu-item-190"><a href="https://www.stat.uci.edu/m-s-ph-d-in-statistics/" itemprop="url"><span itemprop="name">M.S. &#038; Ph.D. in Statistics</span></a></li>\n\t<li id="menu-item-1739" class="menu-item menu-item-type-custom menu-item-object-custom menu-item-1739"><a href="https://mds.ics.uci.edu/" itemprop="url"><span itemprop="name">Master of Data Science</span></a></li>\n\t<li id="menu-item-89" class="menu-item menu-item-type-custom menu-item-object-custom menu-item-89"><a href="http://www.ics.uci.edu/ugrad/courses/listing.php?year=2016&#038;level=Graduate&#038;department=STATS&#038;program=ALL" itemprop="url"><span itemprop="name">Current Course Listings</span></a></li>\n\t<li id="menu-item-105" class="menu-item menu-item-type-post_type menu-item-object-page menu-item-105"><a href="https://www.stat.uci.edu/grad-student-directory/" itemprop="url"><span itemprop="name">Graduate Student Directory</span></a></li>\n\t<li id="menu-item-942" class="menu-item menu-item-type-post_type menu-item-object-page menu-item-942"><a href="https://www.stat.uci.edu/statistics-internships-employment-opportunities/" itemprop="url"><span itemprop="name">Internships &#038; Employment Opportunities</span></a></li>\n\t<li id="menu-item-964" class="menu-item menu-item-type-post_type menu-item-object-page menu-item-964"><a href="https://www.stat.uci.edu/employers-of-statistics-grad-students/" itemprop="url"><span itemprop="name">Employers of UCI Statistics Students</span></a></li>\n</ul>\n</li>\n<li id="menu-item-39" class="menu-item menu-item-type-custom menu-item-object-custom menu-item-has-children menu-item-39"><a href="#" itemprop="url"><span itemprop="name">Undergraduate Degrees</span></a>\n<ul class="sub-menu">\n\t<li id="menu-item-191" class="menu-item menu-item-type-post_type menu-item-object-page menu-item-191"><a href="https://www.stat.uci.edu/slider/b-s-in-data-science/" itemprop="url"><span itemprop="name">B.S. in Data Science</span></a></li>\n\t<li id="menu-item-100" class="menu-item menu-item-type-post_type menu-item-object-page menu-item-100"><a href="https://www.stat.uci.edu/minor-in-statistics/" itemprop="url"><span itemprop="name">Minor in Statistics</span></a></li>\n\t<li id="menu-item-88" class="menu-item menu-item-type-custom menu-item-object-custom menu-item-88"><a href="http://www.ics.uci.edu/ugrad/courses/listing.php?year=2016&#038;level=Lower-Division&#038;department=STATS&#038;program=ALL" itemprop="url"><span itemprop="name">Current Course Listings</span></a></li>\n</ul>\n</li>\n<li id="menu-item-884" class="menu-item menu-item-type-custom menu-item-object-custom menu-item-has-children menu-item-884"><a href="#" itemprop="url"><span itemprop="name">News &#038; Seminars</span></a>\n<ul class="sub-menu">\n\t<li id="menu-item-883" class="menu-item menu-item-type-custom menu-item-object-custom menu-item-883"><a href="http://www.stat.uci.edu/news/" itemprop="url"><span itemprop="name">News</span></a></li>\n\t<li id="menu-item-139" class="menu-item menu-item-type-post_type menu-item-object-page menu-item-139"><a href="https://www.stat.uci.edu/seminar-series/" itemprop="url"><span itemprop="name">Seminars</span></a></li>\n</ul>\n</li>\n<li id="menu-item-159" class="menu-item menu-item-type-custom menu-item-object-custom menu-item-159"><a href="https://statconsulting.ics.uci.edu/" itemprop="url"><span itemprop="name">Center for Statistical Consulting</span></a></li>\n</ul></div></nav><div class="site-inner"><div class="slider-area widget-area"><section id="genesisresponsiveslider-widget-2" class="widget genesis_responsive_slider"><div class="widget-wrap">\n\t\t<div id="genesis-responsive-slider">\n\t\t\t<div class="flexslider">\n\t\t\t\t<ul class="slides">\n\t\t\t\t\t\n\t\t\t\t\t<li>\n\n\t\t\t\t\t\t\t\t\t\t\t\t<div class="slide-excerpt slide-30">\n\t\t\t\t\t\t\t<div class="slide-background"></div><!-- end .slide-background -->\n\t\t\t\t\t\t\t<div class="slide-excerpt-border ">\n\t\t\t\t\t\t\t\t\t\t\t\t\t\t\t<h2><a href="https://www.stat.uci.edu/research/" rel="bookmark">Research</a></h2>\n\t\t\t\t\t\t\t\t\t\t\t\t\t\t\t</div><!-- end .slide-excerpt-border  -->\n\t\t\t\t\t\t</div><!-- end .slide-excerpt -->\n\t\t\t\t\t\t\t\n\t\t\t\t\t\t<div class="slide-image">\n\t\t\t\t\t\t\t\t\t\t\t\t\t\t<a href="https://www.stat.uci.edu/research/" rel="bookmark"><img src="https://www.stat.uci.edu/wp-content/uploads/stats-research.jpg" alt="Research" /></a>\n\t\t\t\t\t\t\t\t\t\t\t\t\t\t</div><!-- end .slide-image -->\n\n\t\t\t\t\t</li>\n\t\t\t\t\n\t\t\t\t\t<li>\n\n\t\t\t\t\t\t\t\t\t\t\t\t<div class="slide-excerpt slide-1806">\n\t\t\t\t\t\t\t<div class="slide-background"></div><!-- end .slide-background -->\n\t\t\t\t\t\t\t<div class="slide-excerpt-border ">\n\t\t\t\t\t\t\t\t\t\t\t\t\t\t\t<h2><a href="https://www.stat.uci.edu/faculty/" rel="bookmark">Faculty Directory</a></h2>\n\t\t\t\t\t\t\t\t\t\t\t\t\t\t\t</div><!-- end .slide-excerpt-border  -->\n\t\t\t\t\t\t</div><!-- end .slide-excerpt -->\n\t\t\t\t\t\t\t\n\t\t\t\t\t\t<div class="slide-image">\n\t\t\t\t\t\t\t\t\t\t\t\t\t\t<a href="https://www.stat.uci.edu/faculty/" rel="bookmark"><img src="https://www.stat.uci.edu/wp-content/uploads/stats-faculty.jpg" alt="Faculty Directory" /></a>\n\t\t\t\t\t\t\t\t\t\t\t\t\t\t</div><!-- end .slide-image -->\n\n\t\t\t\t\t</li>\n\t\t\t\t\n\t\t\t\t\t<li>\n\n\t\t\t\t\t\t\t\t\t\t\t\t<div class="slide-excerpt slide-186">\n\t\t\t\t\t\t\t<div class="slide-background"></div><!-- end .slide-background -->\n\t\t\t\t\t\t\t<div class="slide-excerpt-border ">\n\t\t\t\t\t\t\t\t\t\t\t\t\t\t\t<h2><a href="https://www.stat.uci.edu/m-s-ph-d-in-statistics/" rel="bookmark">M.S. &#038; Ph.D. in Statistics</a></h2>\n\t\t\t\t\t\t\t\t\t\t\t\t\t\t\t</div><!-- end .slide-excerpt-border  -->\n\t\t\t\t\t\t</div><!-- end .slide-excerpt -->\n\t\t\t\t\t\t\t\n\t\t\t\t\t\t<div class="slide-image">\n\t\t\t\t\t\t\t\t\t\t\t\t\t\t<a href="https://www.stat.uci.edu/m-s-ph-d-in-statistics/" rel="bookmark"><img src="https://www.stat.uci.edu/wp-content/uploads/stats-graduates.jpg" alt="M.S. &#038; Ph.D. in Statistics" /></a>\n\t\t\t\t\t\t\t\t\t\t\t\t\t\t</div><!-- end .slide-image -->\n\n\t\t\t\t\t</li>\n\t\t\t\t\n\t\t\t\t\t<li>\n\n\t\t\t\t\t\t\t\t\t\t\t\t<div class="slide-excerpt slide-2216">\n\t\t\t\t\t\t\t<div class="slide-background"></div><!-- end .slide-background -->\n\t\t\t\t\t\t\t<div class="slide-excerpt-border ">\n\t\t\t\t\t\t\t\t\t\t\t\t\t\t\t<h2><a href="https://www.stat.uci.edu/slider/uci-launches-new-professional-program-master-of-data-science/" rel="bookmark">UCI Launches New Professional Program: Master of Data Science</a></h2>\n\t\t\t\t\t\t\t\t\t\t\t\t\t\t\t</div><!-- end .slide-excerpt-border  -->\n\t\t\t\t\t\t</div><!-- end .slide-excerpt -->\n\t\t\t\t\t\t\t\n\t\t\t\t\t\t<div class="slide-image">\n\t\t\t\t\t\t\t\t\t\t\t\t\t\t<a href="https://www.stat.uci.edu/slider/uci-launches-new-professional-program-master-of-data-science/" rel="bookmark"><img src="https://www.stat.uci.edu/wp-content/uploads/stats-20201123-mdsbanner-1180x340-1.jpg" alt="UCI Launches New Professional Program: Master of Data Science" /></a>\n\t\t\t\t\t\t\t\t\t\t\t\t\t\t</div><!-- end .slide-image -->\n\n\t\t\t\t\t</li>\n\t\t\t\t\t\t\t\t</ul><!-- end ul.slides -->\n\t\t\t</div><!-- end .flexslider -->\n\t\t</div><!-- end #genesis-responsive-slider -->\n\n\t\t</div></section>\n</div><div class="content-sidebar-wrap"><main class="content"><article class="post-18 page type-page status-publish entry" itemscope itemtype="http://schema.org/CreativeWork"><header class="entry-header"></header><div class="entry-content" itemprop="text">\t\t<div data-elementor-type="wp-page" data-elementor-id="18" class="elementor elementor-18" data-elementor-settings="[]">\n\t\t\t\t\t\t<div class="elementor-inner">\n\t\t\t\t\t\t\t<div class="elementor-section-wrap">\n\t\t\t\t\t\t\t<section class="elementor-section elementor-top-section elementor-element elementor-element-2858cc38 elementor-section-boxed elementor-section-height-default elementor-section-height-default" data-id="2858cc38" data-element_type="section">\n\t\t\t\t\t\t<div class="elementor-container elementor-column-gap-default">\n\t\t\t\t\t\t\t<div class="elementor-row">\n\t\t\t\t\t<div class="elementor-column elementor-col-100 elementor-top-column elementor-element elementor-element-6fc5e3d9" data-id="6fc5e3d9" data-element_type="column">\n\t\t\t<div class="elementor-column-wrap elementor-element-populated">\n\t\t\t\t\t\t\t<div class="elementor-widget-wrap">\n\t\t\t\t\t\t<div class="elementor-element elementor-element-6423a7ee elementor-widget elementor-widget-text-editor" data-id="6423a7ee" data-element_type="widget" data-widget_type="text-editor.default">\n\t\t\t\t<div class="elementor-widget-container">\n\t\t\t\t\t<div class="elementor-text-editor elementor-clearfix"><p><!-- wp:html --></p>\n<p>For more than 20 years, UCI\xe2\x80\x99s <strong>Department of Statistics</strong> has continued to grow as a leader in creating statistical methodology for use in data science applications. With an emphasis on research in statistical theory and interdisciplinary collaborations, the department has grown over the years to house the Center for Statistical Consulting, providing statistical expertise through collaborative relationships with researchers across the campus and community, and was one of the first in the world to offer an undergraduate degree in data science. Explore the statistics website to learn more about our accomplishments and how you can become part of our community.</p>\n<div style="border-top: 1px solid lightgray; margin: 1em 0;">\xc2\xa0</div>\n<p><strong>Job Opportunities</strong><br />For a listing of current academic positions open in the Statistics Department, visit the <a href="https://recruit.ap.uci.edu/apply#donald-bren-school-of-information-and-computer-sciences">Academic Recruitment website</a>.</p>\n<div style="border-top: 1px solid lightgray; margin: 1em 0;">\xc2\xa0</div>\n<!--\n<p><strong>Fall 2023 Seminar Series</strong></p>\n<div style="margin-left: 1em; margin-top: 0.5em;">\n<p><img class="alignnone" src="https://www.ics.uci.edu/bin/dept-statistics/seminar-series/2021-2022/MineDogucu.jpg" alt="A headshot of Mine Dogucu against a gray background." width="125" height="300" align="left" hspace="8" vspace="8" /> June 2 at 4 p.m.<br /><strong>Mine Dogucu</strong><br />Assistant Professor of Teaching, Department of Statistics, UCI<a href="https://www.stat.uci.edu/wp-content/uploads/Mine-Dogucu-Abstract-6-2-22.pdf" target="_blank" rel="noopener"><br />"Teaching Accessibility in the Data Science Curriculum"</a><br /><br /></p>\n<p style="margin-top: 1em;"><a href="/seminar-series/">Spring 2022 Seminar Schedule</a></p>\n</div>\n<p><!-- /wp:html --></p>\n<p><!-- wp:paragraph --></p>\n<p><!-- /wp:paragraph --></p></div>\n\t\t\t\t</div>\n\t\t\t\t</div>\n\t\t\t\t\t\t</div>\n\t\t\t\t\t</div>\n\t\t</div>\n\t\t\t\t\t\t\t\t</div>\n\t\t\t\t\t</div>\n\t\t</section>\n\t\t\t\t\t\t</div>\n\t\t\t\t\t\t</div>\n\t\t\t\t\t</div>\n\t\t</div></article></main><aside class="sidebar sidebar-primary widget-area" role="complementary" aria-label="Primary Sidebar" itemscope itemtype="http://schema.org/WPSideBar">\n\t\t<section id="recent-posts-3" class="widget widget_recent_entries"><div class="widget-wrap">\n\t\t<h4 class="widget-title widgettitle">Latest News</h4>\n\n\t\t<ul>\n\t\t\t\t\t\t\t\t\t\t\t<li>\n\t\t\t\t\t<a href="https://www.stat.uci.edu/ucis-master-of-data-science-to-launch-part-time-program-in-fall-2023/">UCI\xe2\x80\x99s Master of Data Science to Launch Part-Time Program in Fall 2023</a>\n\t\t\t\t\t\t\t\t\t\t\t<span class="post-date">October 10, 2022</span>\n\t\t\t\t\t\t\t\t\t</li>\n\t\t\t\t\t\t\t\t\t\t\t<li>\n\t\t\t\t\t<a href="https://www.stat.uci.edu/new-faculty-spotlight-statistics-professor-hengrui-cai-strives-for-real-world-impact/">New Faculty Spotlight: Statistics Professor Hengrui Cai Strives for Real-World Impact</a>\n\t\t\t\t\t\t\t\t\t\t\t<span class="post-date">September 22, 2022</span>\n\t\t\t\t\t\t\t\t\t</li>\n\t\t\t\t\t\t\t\t\t\t\t<li>\n\t\t\t\t\t<a href="https://www.stat.uci.edu/socal-data-science-program-off-to-a-strong-start/">SoCal Data Science Program Off to a Strong Start</a>\n\t\t\t\t\t\t\t\t\t\t\t<span class="post-date">September 21, 2022</span>\n\t\t\t\t\t\t\t\t\t</li>\n\t\t\t\t\t\t\t\t\t\t\t<li>\n\t\t\t\t\t<a href="https://www.stat.uci.edu/undergraduates-conduct-biostatistics-research-at-new-summer-institute-at-uci/">Undergraduates Conduct Biostatistics Research at New Summer Institute at UCI</a>\n\t\t\t\t\t\t\t\t\t\t\t<span class="post-date">September 13, 2022</span>\n\t\t\t\t\t\t\t\t\t</li>\n\t\t\t\t\t\t\t\t\t\t\t<li>\n\t\t\t\t\t<a href="https://www.stat.uci.edu/professors-nan-and-gillen-receive-1-8m-grant-to-study-statistical-methods-for-alzheimers-research/">Professors Nan and Gillen Receive $1.8M Grant to Study Statistical Methods for Alzheimer\xe2\x80\x99s Research</a>\n\t\t\t\t\t\t\t\t\t\t\t<span class="post-date">August 29, 2022</span>\n\t\t\t\t\t\t\t\t\t</li>\n\t\t\t\t\t</ul>\n\n\t\t</div></section>\n<section id="text-2" class="widget widget_text"><div class="widget-wrap">\t\t\t<div class="textwidget"><p><a href="//www.stat.uci.edu/news/">News Archive</a></p>\n</div>\n\t\t</div></section>\n</aside></div></div><footer class="site-footer" itemscope itemtype="http://schema.org/WPFooter"><div class="wrap">\t\t\t<div class="group">\n\n\t\t\t\t<div id="bren">\n\t\t\t\t\t\t<a href="https://www.ics.uci.edu/"><img src="//www.cs.uci.edu/wp-content/uploads/DBren_InfoCompSc_logo-UPDATED.png"></a>\n\t\t\t\t</div>\n\n\t\t\t\t<div class="footer-info">\n\t\t\t\t\t<UL>\n\t\t\t\t\t   <LI>&copy; 2022 UC Regents</LI>\n\t\t\t\t\t   <LI><A HREF="mailto:communications@ics.uci.edu">Feedback</A></LI>\n\t\t\t\t\t   <LI><A HREF="https://uci.edu/privacy/">Privacy Policy</A></LI>\n\t\t\t\t\t</UL>\n\t\t\t\t</div><!-- .footer-info -->\n\n\t\t\t</div>\n\t</div></footer></div><script type=\'text/javascript\'>\nvar colomatduration = \'fast\';\nvar colomatslideEffect = \'slideFade\';\nvar colomatpauseInit = \'\';\nvar colomattouchstart = \'\';\n</script><script>\n  (function(i,s,o,g,r,a,m){i[\'GoogleAnalyticsObject\']=r;i[r]=i[r]||function(){\n  (i[r].q=i[r].q||[]).push(arguments)},i[r].l=1*new Date();a=s.createElement(o),\n  m=s.getElementsByTagName(o)[0];a.async=1;a.src=g;m.parentNode.insertBefore(a,m)\n  })(window,document,\'script\',\'https://www.google-analytics.com/analytics.js\',\'ga\');\n\n  ga(\'create\', \'UA-605898-4\', \'auto\');\n  ga(\'send\', \'pageview\');\n\n</script>\n<script type=\'text/javascript\'>jQuery(document).ready(function($) {$(".flexslider").flexslider({controlsContainer: "#genesis-responsive-slider",animation: "fade",directionNav: 0,controlNav: 1,animationDuration: 1000,slideshowSpeed: 10000    });  });</script><script type=\'text/javascript\' src=\'https://www.stat.uci.edu/wp-content/plugins/jquery-collapse-o-matic/js/collapse.js?ver=1.6.23\' id=\'collapseomatic-js-js\'></script>\n<script type=\'text/javascript\' src=\'https://www.stat.uci.edu/wp-content/plugins/genesis-responsive-slider/assets/js/jquery.flexslider.js?ver=1.0.1\' id=\'flexslider-js\'></script>\n<script type=\'text/javascript\' src=\'https://www.stat.uci.edu/wp-content/plugins/elementor/assets/js/frontend-modules.min.js?ver=3.0.16\' id=\'elementor-frontend-modules-js\'></script>\n<script type=\'text/javascript\' src=\'https://www.stat.uci.edu/wp-content/plugins/elementor-pro/assets/lib/sticky/jquery.sticky.min.js?ver=3.0.10\' id=\'elementor-sticky-js\'></script>\n<script type=\'text/javascript\' id=\'elementor-pro-frontend-js-before\'>\nvar ElementorProFrontendConfig = {"ajaxurl":"https:\\/\\/www.stat.uci.edu\\/wp-admin\\/admin-ajax.php","nonce":"ac0703910b","i18n":{"toc_no_headings_found":"No headings were found on this page."},"shareButtonsNetworks":{"facebook":{"title":"Facebook","has_counter":true},"twitter":{"title":"Twitter"},"google":{"title":"Google+","has_counter":true},"linkedin":{"title":"LinkedIn","has_counter":true},"pinterest":{"title":"Pinterest","has_counter":true},"reddit":{"title":"Reddit","has_counter":true},"vk":{"title":"VK","has_counter":true},"odnoklassniki":{"title":"OK","has_counter":true},"tumblr":{"title":"Tumblr"},"digg":{"title":"Digg"},"skype":{"title":"Skype"},"stumbleupon":{"title":"StumbleUpon","has_counter":true},"mix":{"title":"Mix"},"telegram":{"title":"Telegram"},"pocket":{"title":"Pocket","has_counter":true},"xing":{"title":"XING","has_counter":true},"whatsapp":{"title":"WhatsApp"},"email":{"title":"Email"},"print":{"title":"Print"}},"facebook_sdk":{"lang":"en_US","app_id":""},"lottie":{"defaultAnimationUrl":"https:\\/\\/www.stat.uci.edu\\/wp-content\\/plugins\\/elementor-pro\\/modules\\/lottie\\/assets\\/animations\\/default.json"}};\n</script>\n<script type=\'text/javascript\' src=\'https://www.stat.uci.edu/wp-content/plugins/elementor-pro/assets/js/frontend.min.js?ver=3.0.10\' id=\'elementor-pro-frontend-js\'></script>\n<script type=\'text/javascript\' src=\'https://www.stat.uci.edu/wp-includes/js/jquery/ui/core.min.js?ver=1.13.1\' id=\'jquery-ui-core-js\'></script>\n<script type=\'text/javascript\' src=\'https://www.stat.uci.edu/wp-content/plugins/elementor/assets/lib/dialog/dialog.min.js?ver=4.8.1\' id=\'elementor-dialog-js\'></script>\n<script type=\'text/javascript\' src=\'https://www.stat.uci.edu/wp-content/plugins/elementor/assets/lib/waypoints/waypoints.min.js?ver=4.0.2\' id=\'elementor-waypoints-js\'></script>\n<script type=\'text/javascript\' src=\'https://www.stat.uci.edu/wp-content/plugins/elementor/assets/lib/swiper/swiper.min.js?ver=5.3.6\' id=\'swiper-js\'></script>\n<script type=\'text/javascript\' src=\'https://www.stat.uci.edu/wp-content/plugins/elementor/assets/lib/share-link/share-link.min.js?ver=3.0.16\' id=\'share-link-js\'></script>\n<script type=\'text/javascript\' id=\'elementor-frontend-js-before\'>\nvar elementorFrontendConfig = {"environmentMode":{"edit":false,"wpPreview":false},"i18n":{"shareOnFacebook":"Share on Facebook","shareOnTwitter":"Share on Twitter","pinIt":"Pin it","download":"Download","downloadImage":"Download image","fullscreen":"Fullscreen","zoom":"Zoom","share":"Share","playVideo":"Play Video","previous":"Previous","next":"Next","close":"Close"},"is_rtl":false,"breakpoints":{"xs":0,"sm":480,"md":768,"lg":1025,"xl":1440,"xxl":1600},"version":"3.0.16","is_static":false,"legacyMode":{"elementWrappers":true},"urls":{"assets":"https:\\/\\/www.stat.uci.edu\\/wp-content\\/plugins\\/elementor\\/assets\\/"},"settings":{"page":[],"editorPreferences":[]},"kit":{"global_image_lightbox":"yes","lightbox_enable_counter":"yes","lightbox_enable_fullscreen":"yes","lightbox_enable_zoom":"yes","lightbox_enable_share":"yes","lightbox_title_src":"title","lightbox_description_src":"description"},"post":{"id":18,"title":"Department%20of%20Statistics%20%E2%80%93%20Donald%20Bren%20School%20of%20Information%20%26%20Computer%20Sciences%20%E2%80%93%20Department%20of%20Statistics%20%E2%80%93%20Donald%20Bren%20School%20of%20Information%20%26%20Computer%20Sciences","excerpt":"","featuredImage":false}};\n</script>\n<script type=\'text/javascript\' src=\'https://www.stat.uci.edu/wp-content/plugins/elementor/assets/js/frontend.min.js?ver=3.0.16\' id=\'elementor-frontend-js\'></script>\n</body></html>\r\n'
